
Input: MID$(A$+B$,(C+5)*D,4)+" Test"
Output: MID$(A$ + B$, (C + 5) * D, 4) + " Test" 

Input: int(Arr(A,B*(C+2))+(D))
Output: INT(Arr(A, B * (C + 2)) + (D)) 

Input: Array(INT(B(X, Y * (-I + J), FNZ(I))), VAL(NUM$))
Output: Array(INT(B(X, Y * (-I + J), FNZ(I))), VAL(NUM$)) 

Input: INT(A+B
              ^-- expected operator or closing parentheses

Input: B,F+G
        ^-- expected operator or end-of-statement

Input: Arr(B,,C)
             ^-- expected numeric expression

Input: MID$(,,C)
            ^-- expected string expression

Input: MID$(A,,C)
            ^-- expected string expression

Input: MID$(A$,,C)
               ^-- expected numeric expression

Input: MID$(A$,B$,C)
               ^^-- expected numeric expression

Input: MID$(A$,B,,C)
                 ^-- expected numeric expression

Input: MID$(A$,B,C$)
                 ^^-- expected numeric expression

Input: MID$(A$,B,C,)
                  ^-- expected operator or closing parentheses

