
Input: A% = B% + 5
Output: TEST:A%<ref> B% 5% +% Assign% 

Input: A% = B + 5
Output: TEST:A%<ref> B 5 + CvtInt Assign% 

Input: A% = B + 5.0
Output: TEST:A%<ref> B 5.0 + CvtInt Assign% 

Input: A = B = C = 1.0
Output: TEST:A<ref> B C = 1.0% =% CvtDbl Assign 

Input: A, B, C = 1.0
Output: TEST:A<ref> B<ref> C<ref> 1.0 AssignList 

Input: A, B, C = 1
Output: TEST:A<ref> B<ref> C<ref> 1 AssignList 

Input: A%,B% = C% + D%
Output: TEST:A%<ref> B%<ref> C% D% +% AssignList% 

Input: A% = B% = C% + D%
Output: TEST:A%<ref> B% C% D% +% =% Assign% 

Input: A$,B$,C$ = "Test"
Output: TEST:A$<ref> B$<ref> C$<ref> "Test" AssignList$ 

Input: A$ = B$ = C$ = "Test"
                      ^^^^^^-- expected numeric expression

Input: Z, Y = A$ + B%
                   ^^-- expected string expression

Input: Z, Y = A$ + B$
              ^^^^^^^-- expected numeric expression

Input: A,B%,C = 1.0
         ^^-- expected double variable

Input: A,B,C% = 1.0
           ^^-- expected double variable

Input: A%,B,C = 1.0
          ^-- expected integer variable

Input: A,"T",B = 1
         ^^^-- expected double variable

Input: A = "T" = B = 1
                 ^-- expected string expression

Input: A,B,C = STR$(1)
               ^^^^^^^-- expected numeric expression

Input: A,B,C$ = STR$(1)
           ^^-- expected double variable

Input: A,B,C$ = 1
           ^^-- expected double variable

Input: A,B$,C = 1
         ^^-- expected double variable

Input: A,B,1 = 1
           ^-- expected double variable

Input: A,B%,1 = 1
         ^^-- expected double variable

Input: 1,A,B% = 1
       ^-- expected item for assignment

Input: A%,B,C% = 1
          ^-- expected integer variable

Input: A%,B$,C% = 1
          ^^-- expected integer variable

Input: A$,B$,C% = 1
             ^^-- expected string item for assignment

Input: A$,B$,C$ = 1
                  ^-- expected string expression

Input: Z = A$ + B * C
                ^^^^^-- expected string expression

Input: A = TAB(4)
           ^^^^-- expected numeric expression

Input: A = B + SPC(4)
               ^^^^-- expected numeric expression

