
Input: LET A=0.0
Output: LET A = 0.0 

Input: LET A%=0
Output: LET A% = 0 

Input: LET A$=""
Output: LET A$ = "" 

Input: LET A=B=C=0.0
Output: LET A = B = C = 0.0 

Input: LET A,B,C=0.0
Output: LET A, B, C = 0.0 

Input: LET A%=B%=C%=0
Output: LET A% = B% = C% = 0 

Input: LET A%,B%,C%=0
Output: LET A%, B%, C% = 0 

Input: LET A$=B$=C$=""
                    ^^-- expected numeric expression

Input: LET A$,B$,C$=""
Output: LET A$, B$, C$ = "" 

Input: LET LEFT$(A$,1) = B$
Output: LET LEFT$(A$, 1) = B$ 

Input: LET LEFT$(A$,1) = B$ + C$
Output: LET LEFT$(A$, 1) = B$ + C$ 

Input: LET LEFT$(A$,1),RIGHT$(B$,1) = C$
Output: LET LEFT$(A$, 1), RIGHT$(B$, 1) = C$ 

Input: LET A$,LEFT$(B$,1) = C$
Output: LET A$, LEFT$(B$, 1) = C$ 

Input: LET LET A=0
           ^^^-- expected item for assignment

Input: A = 0 LET 5
             ^^^-- expected operator or end-of-statement

Input: PRINT
Output: PRINT 

