
Input: PRINT A;B%;C$
Output: PRINT A; B%; C$ 

Input: PRINT A;B%;C$;
Output: PRINT A; B%; C$; 

Input: PRINT A,B%,C$
Output: PRINT A, B%, C$ 

Input: PRINT A,B%,C$,
Output: PRINT A, B%, C$, 

Input: PRINT A+B; C%+D%; E$+F$; MID$(E$,1); LEFT$(E$+F$,5)
Output: PRINT A + B; C% + D%; E$ + F$; MID$(E$, 1); LEFT$(E$ + F$, 5) 

Input: PRINT "Test:"; TAB(10); A%; SPC(5); B
Output: PRINT "Test:"; TAB(10); A%; SPC(5); B 

Input: PRINT "Test:"; TAB(10); A; LOG(5); B
Output: PRINT "Test:"; TAB(10); A; LOG(5); B 

Input: PRINT A; TAB(10)
Output: PRINT A; TAB(10) 

Input: PRINT A; TAB(10);
Output: PRINT A; TAB(10); 

Input: PRINT A; SPC(10)
Output: PRINT A; SPC(10) 

Input: PRINT A; SPC(10);
Output: PRINT A; SPC(10); 

Input: PRINT ,,A
Output: PRINT ,, A 

Input: PRINT ,,A,
Output: PRINT ,, A, 

Input: PRINT A,,B
Output: PRINT A,, B 

Input: PRINT A,,B,
Output: PRINT A,, B, 

Input: PRINT A;;B
               ^-- expected expression, print function or end-of-statement

Input: PRINT;A;;B;;
            ^-- expected expression, comma, print function or end-of-statement

Input: PRINT;
            ^-- expected expression, comma, print function or end-of-statement

Input: PRINT,
Output: PRINT , 

Input: PRINT C(A,,B)
                 ^-- expected numeric expression

Input: PRINT C(A;B)
                ^-- expected operator, comma or closing parentheses

Input: A=SPC(10)
         ^^^^-- expected numeric expression

Input: A=TAB(10)
         ^^^^-- expected numeric expression

Input: PRINT (A,,B)
               ^-- expected operator or closing parentheses

Input: PRINT A+;
               ^-- expected numeric expression

Input: PRINT A+,
               ^-- expected numeric expression

Input: PRINT A+
               ^-- expected numeric expression

Input: PRINT INT(A+;
                   ^-- expected numeric expression

Input: PRINT INT(A+,
                   ^-- expected numeric expression

Input: PRINT INT(A+
                   ^-- expected numeric expression

Input: PRINT INT(B,,C)
                  ^-- expected operator or closing parentheses

Input: PRINT (A+B
                 ^-- expected operator or closing parentheses

Input: PRINT (A+B,
                 ^-- expected operator or closing parentheses

Input: PRINT MID$(A$+B$
                       ^-- expected operator or comma

Input: PRINT (TAB(10)
              ^^^^-- expected expression

Input: PRINT INT(TAB(10))
                 ^^^^-- expected numeric expression

Input: PRINT VAL(TAB(10))
                 ^^^^-- expected string expression

Input: PRINT A(TAB(10))
               ^^^^-- expected numeric expression

Input: PRINT A+TAB(10)
               ^^^^-- expected numeric expression

Input: PRINT A%+TAB(10)
                ^^^^-- expected numeric expression

Input: PRINT A$+TAB(10)
                ^^^^-- expected string expression

Input: PRINT TAB(10)+A
                    ^-- expected semicolon, comma or end-of-statement

Input: PRINT C(D(A,,B),E)
                   ^-- expected numeric expression

Input: PRINT INT(D(A,,B),E)
                     ^-- expected numeric expression

Input: PRINT A;,
               ^-- expected expression, print function or end-of-statement

