
Input: A=4+B
Output: A = 4 + B 

Input: A=4.0+B
Output: A = 4.0 + B 

Input: A=4e40+B
Output: A = 4e40 + B 

Input: A=B+4
Output: A = B + 4 

Input: A=B+4.0
Output: A = B + 4.0 

Input: A=B+4e40
Output: A = B + 4e40 

Input: A=B%+4e40
Output: A = B% + 4e40 

Input: A%=4+B%
Output: A% = 4 + B% 

Input: A%=4.0+B%
Output: A% = 4.0 + B% 

Input: A%=4e40+B%
Output: A% = 4e40 + B% 

Input: A%=B%+4
Output: A% = B% + 4 

Input: A%=B%+4.0
Output: A% = B% + 4.0 

Input: A%=B%+4e40
Output: A% = B% + 4e40 

Input: A$="4"+B$
Output: A$ = "4" + B$ 

Input: A$=B$+"4"
Output: A$ = B$ + "4" 

Input: A%=4\B
Output: A% = 4 \ B 

Input: A%=4.0\B
Output: A% = 4.0 \ B 

Input: A%=4e40\B
Output: A% = 4e40 \ B 

Input: A%=B\4
Output: A% = B \ 4 

Input: A%=B\4.0
Output: A% = B \ 4.0 

Input: A%=B\4e40
Output: A% = B \ 4e40 

Input: A%=4 AND B%
Output: A% = 4 AND B% 

Input: A%=4.0 AND B%
Output: A% = 4.0 AND B% 

Input: A%=4e40 AND B%
          ^^^^-- expected valid integer constant

Input: A%=B% AND 4
Output: A% = B% AND 4 

Input: A%=B% AND 4.0
Output: A% = B% AND 4.0 

Input: A%=B% AND 4e40
                 ^^^^-- expected valid integer constant

Input: A=- 4
Output: A = - 4 

Input: A=- 4.0
Output: A = - 4.0 

Input: A=- 4e40
Output: A = - 4e40 

Input: A%=- 4
Output: A% = - 4 

Input: A%=- 4.0
Output: A% = - 4.0 

Input: A%=- 4e40
Output: A% = - 4e40 

Input: A%=NOT 4
Output: A% = NOT 4 

Input: A%=NOT 4.0
Output: A% = NOT 4.0 

Input: A%=NOT 4e40
              ^^^^-- expected valid integer constant

Input: A=ABS(4)
Output: A = ABS(4) 

Input: A=ABS(4.0)
Output: A = ABS(4.0) 

Input: A=ABS(4e40)
Output: A = ABS(4e40) 

Input: A$=STR$(4)
Output: A$ = STR$(4) 

Input: A$=STR$(4.0)
Output: A$ = STR$(4.0) 

Input: A$=STR$(4e40)
Output: A$ = STR$(4e40) 

Input: A$=CHR$(4)
Output: A$ = CHR$(4) 

Input: A$=CHR$(4.0)
Output: A$ = CHR$(4.0) 

Input: A$=CHR$(4e40)
               ^^^^-- expected valid integer constant

Input: A=4
Output: A = 4 

Input: A=4.0
Output: A = 4.0 

Input: A=4e40
Output: A = 4e40 

Input: A$="4"
Output: A$ = "4" 

Input: A%=4
Output: A% = 4 

Input: A%=4.0
Output: A% = 4.0 

Input: A%=4e40
          ^^^^-- expected valid integer constant

Input: A=4^B
Output: A = 4 ^ B 

Input: A=4.0^B
Output: A = 4.0 ^ B 

Input: A=4e40^B
Output: A = 4e40 ^ B 

Input: A=B^4
Output: A = B ^ 4 

Input: A=B^4.0
Output: A = B ^ 4.0 

Input: A=B^4e40
Output: A = B ^ 4e40 

