
Input: Z = not A < 5.0 = B > 2.0
Output: Z = NOT A < 5.0 = B > 2.0 

Input: Z% = not A% < 5 and B% > 2 or C% < 1 and D% <> 2
Output: Z% = NOT A% < 5 AND B% > 2 OR C% < 1 AND D% <> 2 

Input: Z$=STR$(VAL("1.23"))
Output: Z$ = STR$(VAL("1.23")) 

Input: Z$=MID$(A$+B$,(C%+5)*D%,4)+" Test"
Output: Z$ = MID$(A$ + B$, (C% + 5) * D%, 4) + " Test" 

Input: Z% = (a$ = "this" + "test")
Output: Z% = (a$ = "this" + "test") 

Input: Z = A% + B
Output: Z = A% + B 

Input: Z = A + B%
Output: Z = A + B% 

Input: Z% = A% + B%
Output: Z% = A% + B% 

Input: Z = A% + B% + C
Output: Z = A% + B% + C 

Input: Z = A% - B
Output: Z = A% - B 

Input: Z = A - B%
Output: Z = A - B% 

Input: Z% = A% - B%
Output: Z% = A% - B% 

Input: Z = A% - B% * C
Output: Z = A% - B% * C 

Input: Z = ABS(A%) + SGN(B%) + ABS(C) * SGN(D)
Output: Z = ABS(A%) + SGN(B%) + ABS(C) * SGN(D) 

Input: Z = ABS(-A%) + SGN(-B%) + ABS(-C) * SGN(-D)
Output: Z = ABS(-A%) + SGN(-B%) + ABS(-C) * SGN(-D) 

Input: Z$ = STR$(A) + STR$(A%)
Output: Z$ = STR$(A) + STR$(A%) 

Input: Z = A% + B * C ^ D
Output: Z = A% + B * C ^ D 

Input: Z = A$ + B
                ^-- expected string expression

Input: Z = A$ + B%
                ^^-- expected string expression

Input: Z = A + B$
               ^^-- expected numeric expression

Input: Z = A% + B$
                ^^-- expected numeric expression

Input: Z$ = A$ - B$
            ^^-- expected numeric expression

Input: Z$ = MID$(A$,B$,1)
                    ^^-- expected numeric expression

Input: Z$ = MID$(A$,2,C$)
                      ^^-- expected numeric expression

Input: Z$ = MID$(A,2,3)
                 ^-- expected string expression

Input: Z$ = MID$(A$,2,3) + B
                           ^-- expected string expression

Input: Z = B + MID$(A$,2,3)
               ^^^^^^^^^^^^-- expected numeric expression

Input: Z = A + (B$ + C$)
               ^^^^^^^^^-- expected numeric expression

