
Input: A=SQR(17):PRINT A
Output: A = SQR(17): PRINT A 

Input: PRINT A:PRINT B
Output: PRINT A: PRINT B 

Input: PRINT A;:PRINT B
Output: PRINT A;: PRINT B 

Input: INPUT A:PRINT A
Output: INPUT A: PRINT A 

Input: A,B,C=5.0:INPUT D
Output: A, B, C = 5.0: INPUT D 

Input: A$,LEFT$(B$,1),MID$(C$,2,3)="A":PRINT A$
Output: A$, LEFT$(B$, 1), MID$(C$, 2, 3) = "A": PRINT A$ 

Input: INPUT PROMPT "Number",A:PRINT A
Output: INPUT PROMPT "Number", A: PRINT A 

Input: INPUT PROMPT "Number";A:PRINT A
Output: INPUT PROMPT "Number"; A: PRINT A 

Input: INPUT PROMPT "Number:";A:PRINT A
Output: INPUT PROMPT "Number:"; A: PRINT A 

Input: INPUT A;:PRINT A
Output: INPUT A;: PRINT A 

Input: PRINT A:REM output A
Output: PRINT A: REM output A 

Input: PRINT A:'output A:test
Output: PRINT A: 'output A:test 

Input: INPUT A;:R=SQR(A):PRINT"Sqrt(";A;")=";R
Output: INPUT A;: R = SQR(A): PRINT "Sqrt("; A; ")="; R 

Input: :
       ^-- expected command or item for assignment

Input: PRINT:
             ^-- expected command or item for assignment

Input: PRINT::PRINT
             ^-- expected command or item for assignment

