
Input: A=---B
Output: A = ---B 

Input: A=-1.0
Output: A = -1.0 

Input: A%=--1
Output: A% = --1 

Input: A=B-1.5
Output: A = B - 1.5 

Input: A=B+-1.5
Output: A = B + -1.5 

Input: A=B+--1.5
Output: A = B + --1.5 

Input: PRINT-1;--1;---1;- 1;
Output: PRINT -1; --1; ---1; - 1; 

Input: A=- 1.0 + -.001 + -0.12
Output: A = - 1.0 + -.001 + -0.12 

Input: A%=-1 + - 2
Output: A% = -1 + - 2 

Input: A=-1.2E-23 + -1.2e+23 + -1.2e23
Output: A = -1.2E-23 + -1.2e+23 + -1.2e23 

Input: A=- 1.2E-23 + - 1.2e+23 + - 1.2e23
Output: A = - 1.2E-23 + - 1.2e+23 + - 1.2e23 

Input: A% = NOT -B%
Output: A% = NOT -B% 

Input: A% = NOT -2147483648
Output: A% = NOT -2147483648 

Input: A% = - NOT 123
Output: A% = -NOT 123 

Input: A% = -2147483649 
            ^^^^^^^^^^^-- expected valid integer constant

Input: A = B^-C + B*-C
Output: A = B ^ -C + B * -C 

Input: A = -B^C + -B^-C
Output: A = -B ^ C + -B ^ -C 

Input: A = -B*C + -B*-C
Output: A = -B * C + -B * -C 

Input: A = (-B^NOT C) + -B*NOT C
Output: A = (-B ^ NOT C) + -B * NOT C 

Input: A = -B^NOT C + -B*NOT C
Output: A = -B ^ NOT C + -B * NOT C 

