
Input: LEFT$(A$,1) = B$
Output: LEFT$(A$, 1) = B$ 

Input: LEFT$(A$,1) = B$ + C$
Output: LEFT$(A$, 1) = B$ + C$ 

Input: MID$(A$,2) = B$
Output: MID$(A$, 2) = B$ 

Input: MID$(A$,2) = B$ + C$
Output: MID$(A$, 2) = B$ + C$ 

Input: MID$(A$,2,3) = B$
Output: MID$(A$, 2, 3) = B$ 

Input: MID$(A$,2,3) = B$ + C$
Output: MID$(A$, 2, 3) = B$ + C$ 

Input: RIGHT$(A$,2) = B$
Output: RIGHT$(A$, 2) = B$ 

Input: RIGHT$(A$,2) = B$ + C$
Output: RIGHT$(A$, 2) = B$ + C$ 

Input: LEFT$(A$,1) = RIGHT$(B$,1)
Output: LEFT$(A$, 1) = RIGHT$(B$, 1) 

Input: LEFT$(A$,1) = RIGHT$(B$+C$,1)
Output: LEFT$(A$, 1) = RIGHT$(B$ + C$, 1) 

Input: RIGHT$(A$,2) = B
                      ^-- expected string expression

Input: RIGHT$(A$,2) = B%
                      ^^-- expected string expression

Input: RIGHT$(A,2) = B$
              ^-- expected string variable

Input: RIGHT$(A%,2) = B$
              ^^-- expected string variable

Input: RIGHT$(A$+B$,2) = C$
                ^-- expected comma

Input: RIGHT$(LEFT$(A$,1),2) = B$
              ^^^^^^-- expected string variable

Input: RIGHT$(LEFT$(A$+B$,1),2) = C$
              ^^^^^^-- expected string variable

Input: LEFT$(A$,1),RIGHT$(B$,1) = C$
Output: LEFT$(A$, 1), RIGHT$(B$, 1) = C$ 

Input: LEFT$(A$,1),MID$(B$,2,1),RIGHT$(C$,1) = D$
Output: LEFT$(A$, 1), MID$(B$, 2, 1), RIGHT$(C$, 1) = D$ 

Input: LEFT$(A$,1),B$ = C$
Output: LEFT$(A$, 1), B$ = C$ 

Input: LEFT$(A$,1),B$,C$ = D$
Output: LEFT$(A$, 1), B$, C$ = D$ 

Input: A$,LEFT$(B$,1) = C$
Output: A$, LEFT$(B$, 1) = C$ 

Input: A$,LEFT$(B$,1),C$ = D$
Output: A$, LEFT$(B$, 1), C$ = D$ 

Input: A$,B$,C$ = D$
Output: A$, B$, C$ = D$ 

Input: A$,B$,LEFT$(C$,1) = D$
Output: A$, B$, LEFT$(C$, 1) = D$ 

Input: LEFT$(A$,1),B$,RIGHT$(C$,1) = D$
Output: LEFT$(A$, 1), B$, RIGHT$(C$, 1) = D$ 

Input: A(int(B))=C
Output: A(INT(B)) = C 

