
Input: INPUT A
Output: INPUT A 

Input: INPUT A,B
Output: INPUT A, B 

Input: INPUT A,B%,C$
Output: INPUT A, B%, C$ 

Input: INPUT A$;
Output: INPUT A$; 

Input: INPUT A(I%),B%(I%);
Output: INPUT A(I%), B%(I%); 

Input: INPUT PROMPT "Enter Number: "; N%
Output: INPUT PROMPT "Enter Number: "; N% 

Input: INPUT PROMPT A$+":"; A
Output: INPUT PROMPT A$+":"; A 

Input: INPUT PROMPT "Two Values", A, B;
Output: INPUT PROMPT "Two Values", A, B; 

Input: INPUT PROMPT P$(I%), S$(I%)
Output: INPUT PROMPT P$(I%), S$(I%) 

Input: INPUT PROMPT F$(I%), S$(I%)
Output: INPUT PROMPT F$(I%), S$(I%) 

Input: INPUT PROMPT FNA$(I%), S$(I%)
Output: INPUT PROMPT FNA$(I%), S$(I%) 

Input: INPUT
            ^-- expected variable

Input: INPUT,
            ^-- expected variable

Input: INPUT;
            ^-- expected variable

Input: INPUT; -A
            ^-- expected variable

Input: INPUT (A)
             ^-- expected variable

Input: INPUT INT(A)
             ^^^^-- expected variable

Input: INPUT LEFT$(A$,1)
             ^^^^^^-- expected variable

Input: INPUT FNA
             ^^^-- expected variable

Input: INPUT FNA(X)
             ^^^-- expected variable

Input: INPUT A B
               ^-- expected comma, semicolon or end-of-statement

Input: INPUT A+B
              ^-- expected comma, semicolon or end-of-statement

Input: INPUT A,
               ^-- expected variable

Input: INPUT PROMPT
                   ^-- expected string expression

Input: INPUT PROMPT A+B*C
                    ^^^^^-- expected string expression

Input: INPUT PROMPT A$
                      ^-- expected operator, semicolon or comma

Input: INPUT PROMPT A$+
                       ^-- expected string expression

Input: INPUT PROMPT A$;
                       ^-- expected variable

Input: INPUT PROMPT 1;A
                    ^-- expected string expression

Input: INPUT PROMPT (A+B);C
                    ^^^^^-- expected string expression

Input: INPUT PROMPT INT(A);B
                    ^^^^^^-- expected string expression

