
Input: Z$ = A$ + B$
Output: Z$ = A$ + B$ 

Input: Z$ = REPEAT$(A$,4) + B$
Output: Z$ = REPEAT$(A$, 4) + B$ 

Input: Z$ = A$ + REPEAT$(B$+C$,3)
Output: Z$ = A$ + REPEAT$(B$ + C$, 3) 

Input: Z$ = STR$(A) + LEFT$(B$+C$,5)
Output: Z$ = STR$(A) + LEFT$(B$ + C$, 5) 

Input: Z% = A$ = B$
Output: Z% = A$ = B$ 

Input: Z% = A$ + B$ = C$
Output: Z% = A$ + B$ = C$ 

Input: Z% = A$ = B$ + C$
Output: Z% = A$ = B$ + C$ 

Input: Z% = A$ + B$ = C$ + D$
Output: Z% = A$ + B$ = C$ + D$ 

Input: Z% = A$ < B$
Output: Z% = A$ < B$ 

Input: Z% = A$ + B$ < C$
Output: Z% = A$ + B$ < C$ 

Input: Z% = A$ < B$ + C$
Output: Z% = A$ < B$ + C$ 

Input: Z% = A$ + B$ < C$ + D$
Output: Z% = A$ + B$ < C$ + D$ 

Input: Z% = A$ <= B$
Output: Z% = A$ <= B$ 

Input: Z% = A$ + B$ <= C$
Output: Z% = A$ + B$ <= C$ 

Input: Z% = A$ <= B$ + C$
Output: Z% = A$ <= B$ + C$ 

Input: Z% = A$ + B$ <= C$ + D$
Output: Z% = A$ + B$ <= C$ + D$ 

Input: Z% = A$ > B$
Output: Z% = A$ > B$ 

Input: Z% = A$ + B$ > C$
Output: Z% = A$ + B$ > C$ 

Input: Z% = A$ > B$ + C$
Output: Z% = A$ > B$ + C$ 

Input: Z% = A$ + B$ > C$ + D$
Output: Z% = A$ + B$ > C$ + D$ 

Input: Z% = A$ >= B$
Output: Z% = A$ >= B$ 

Input: Z% = A$ + B$ >= C$
Output: Z% = A$ + B$ >= C$ 

Input: Z% = A$ >= B$ + C$
Output: Z% = A$ >= B$ + C$ 

Input: Z% = A$ + B$ >= C$ + D$
Output: Z% = A$ + B$ >= C$ + D$ 

Input: Z% = A$ <> B$
Output: Z% = A$ <> B$ 

Input: Z% = A$ + B$ <> C$
Output: Z% = A$ + B$ <> C$ 

Input: Z% = A$ <> B$ + C$
Output: Z% = A$ <> B$ + C$ 

Input: Z% = A$ + B$ <> C$ + D$
Output: Z% = A$ + B$ <> C$ + D$ 

Input: Z$ = A$ + B$
Output: Z$ = A$ + B$ 

Input: Z$,Y$ = A$ + B$
Output: Z$, Y$ = A$ + B$ 

Input: LEFT$(Z$,1) = A$ + B$
Output: LEFT$(Z$, 1) = A$ + B$ 

Input: LEFT$(Z$,1),Y$,RIGHT$(X$,1) = A$ + B$
Output: LEFT$(Z$, 1), Y$, RIGHT$(X$, 1) = A$ + B$ 

Input: Z% = ASC(A$) + ASC(B$+C$)
Output: Z% = ASC(A$) + ASC(B$ + C$) 

Input: Z% = ASC(A$,4) + ASC(B$+C$,4)
Output: Z% = ASC(A$, 4) + ASC(B$ + C$, 4) 

Input: Z% = INSTR(A$,B$)
Output: Z% = INSTR(A$, B$) 

Input: Z% = INSTR(A$+B$,C$)
Output: Z% = INSTR(A$ + B$, C$) 

Input: Z% = INSTR(A$,B$+C$)
Output: Z% = INSTR(A$, B$ + C$) 

Input: Z% = INSTR(A$+B$,C$+D$)
Output: Z% = INSTR(A$ + B$, C$ + D$) 

Input: Z% = INSTR(A$,B$,4)
Output: Z% = INSTR(A$, B$, 4) 

Input: Z% = INSTR(A$+B$,C$,4)
Output: Z% = INSTR(A$ + B$, C$, 4) 

Input: Z% = INSTR(A$,B$+C$,4)
Output: Z% = INSTR(A$, B$ + C$, 4) 

Input: Z% = INSTR(A$+B$,C$+D$,4)
Output: Z% = INSTR(A$ + B$, C$ + D$, 4) 

Input: Z% = LEN(A$) + LEN(B$+C$)
Output: Z% = LEN(A$) + LEN(B$ + C$) 

Input: Z = VAL(A$) + VAL(B$+C$)
Output: Z = VAL(A$) + VAL(B$ + C$) 

Input: PRINT A$;B$+C$
Output: PRINT A$; B$ + C$ 

