
Input: A=3
Output: A = 3 

Input: A,B=3
Output: A, B = 3 

Input: A=B=3
Output: A = B = 3 

Input: A=(B)=3
Output: A = (B) = 3 

Input: A=(B=3)
Output: A = (B = 3) 

Input: A,B=(C=3)
Output: A, B = (C = 3) 

Input: A,B=C=4
Output: A, B = C = 4 

Input: A(B,C)=D
Output: A(B, C) = D 

Input: A(B,C),E=D
Output: A(B, C), E = D 

Input: E,A(B,C)=D
Output: E, A(B, C) = D 

Input: E,A(B,C),F=D
Output: E, A(B, C), F = D 

Input: A(B,(C))=D
Output: A(B, (C)) = D 

Input: A(B+C)=D
Output: A(B + C) = D 

Input: A(B=C)=D
Output: A(B = C) = D 

Input: A(B+C,D=E)=F
Output: A(B + C, D = E) = F 

Input: A(B,C)=D(E)
Output: A(B, C) = D(E) 

Input: A(B,C),D(E)=INT(F)+Function(G)+Array(H)
Output: A(B, C), D(E) = INT(F) + Function(G) + Array(H) 

Input: A=B,C=4
          ^-- expected operator or end-of-statement

Input: A=B+C,4
            ^-- expected operator or end-of-statement

Input: A(B+C,(D,E)=F
               ^-- expected operator or closing parentheses

Input: A(B+C,(D=E)=(F,G)
                     ^-- expected operator or closing parentheses

Input: A,B+C
          ^-- expected equal or comma for assignment

Input: 3=A
       ^-- expected command or item for assignment

Input: A,3,B=4
         ^-- expected double variable

Input: (A=B)
       ^-- expected command or item for assignment

Input: A,B,(C)=4
           ^-- expected double variable

Input: A+B
        ^-- expected equal or comma for assignment

